
> fekolektix@0.1.0 build
> next build

  Γû▓ Next.js 14.2.35
  - Environments: .env

   Linting and checking validity of types ...
node.exe : 
At line:1 char:1
+ & "C:\Program Files\nodejs/node.exe" "C:\Program Files\nodejs/node_mo ...
+ ~~~~~~~~~~~~~~~~~~~~~~~~~~~~~~~~~~~~~~~~~~~~~~~~~~~~~~~~~~~~~~~~~~~~~
    + CategoryInfo          : NotSpecified: (:String) [], RemoteException
    + FullyQualifiedErrorId : NativeCommandError
 
Failed to compile.

./src/components/AuthModal/index.tsx
110:6  Warning: React Hook useEffect has a missing dependency: 'data'. Either include it or remove the dependency 
array. You can also do a functional update 'setData(d => ...)' if you only need 'data' in the 'setData' call.  
react-hooks/exhaustive-deps

./src/components/Card/VenueCard/index.tsx
85:13  Warning: Using `<img>` could result in slower LCP and higher bandwidth. Consider using `<Image />` from 
`next/image` to automatically optimize images. This may incur additional usage or cost from your provider. See: 
https://nextjs.org/docs/messages/no-img-element  @next/next/no-img-element

./src/components/chat/index.tsx
936:6  Warning: React Hook useEffect has missing dependencies: 'chat', 'chatFetched', 'creatorIdOpen', 'getCreator', 
and 'users?.id'. Either include them or remove the dependency array.  react-hooks/exhaustive-deps
1050:6  Warning: React Hook useEffect has a missing dependency: 'messages'. Either include it or remove the dependency 
array. You can also do a functional update 'setMessages(m => ...)' if you only need 'messages' in the 'setMessages' 
call.  react-hooks/exhaustive-deps
1162:6  Warning: React Hook useEffect has missing dependencies: 'getChatSupportData' and 'getData'. Either include 
them or remove the dependency array.  react-hooks/exhaustive-deps
1166:6  Warning: React Hook useMemo has a missing dependency: 'users?.id'. Either include it or remove the dependency 
array.  react-hooks/exhaustive-deps
1174:6  Warning: React Hook useEffect has a missing dependency: 'chat'. Either include it or remove the dependency 
array. You can also replace multiple useState variables with useReducer if 'setSearchedChats' needs the current value 
of 'chat'.  react-hooks/exhaustive-deps

./src/components/CreateMerchandise/index.tsx
53:6  Warning: React Hook useEffect has a missing dependency: 'getData'. Either include it or remove the dependency 
array.  react-hooks/exhaustive-deps

./src/components/CreateMerchandiseAdmin/index.tsx
166:6  Warning: React Hook useEffect has a missing dependency: 'getData'. Either include it or remove the dependency 
array.  react-hooks/exhaustive-deps
173:6  Warning: React Hook useEffect has a missing dependency: 'fetchCreatorData'. Either include it or remove the 
dependency array.  react-hooks/exhaustive-deps

./src/components/Dashboard/Modal/ModalAddInvation.tsx
85:6  Warning: React Hook useEffect has a missing dependency: 'form'. Either include it or remove the dependency 
array.  react-hooks/exhaustive-deps
90:6  Warning: React Hook useEffect has missing dependencies: 'form' and 'getCategory'. Either include them or remove 
the dependency array.  react-hooks/exhaustive-deps
287:6  Warning: React Hook useEffect has a missing dependency: 'form'. Either include it or remove the dependency 
array.  react-hooks/exhaustive-deps

./src/components/Dashboard/Modal/ModalDetailInvation.tsx
282:6  Warning: React Hook useEffect has missing dependencies: 'category', 'getCategory', and 'getData'. Either 
include them or remove the dependency array.  react-hooks/exhaustive-deps
304:6  Warning: React Hook useEffect has a missing dependency: 'getData'. Either include it or remove the dependency 
array.  react-hooks/exhaustive-deps

./src/components/Dashboard/Modal/TopUp.tsx
56:6  Warning: React Hook useEffect has a missing dependency: 'getData'. Either include it or remove the dependency 
array.  react-hooks/exhaustive-deps

./src/components/Dashboard/Modal/Withdraw.tsx
309:6  Warning: React Hook useEffect has a missing dependency: 'getDataEvent'. Either include it or remove the 
dependency array.  react-hooks/exhaustive-deps
519:6  Warning: React Hook useEffect has missing dependencies: 'fetchEventData' and 'getData'. Either include them or 
remove the dependency array.  react-hooks/exhaustive-deps

./src/components/DateTab/index.tsx
126:6  Warning: React Hook useEffect has a missing dependency: 'setSelected'. Either include it or remove the 
dependency array. If 'setSelected' changes too often, find the parent component that defines it and wrap that 
definition in useCallback.  react-hooks/exhaustive-deps

./src/components/EventCreator/Modal/ModalCreateTicket.tsx
113:6  Warning: React Hook useEffect has missing dependencies: 'defaultForm', 'setForm', and 'ticket'. Either include 
them or remove the dependency array.  react-hooks/exhaustive-deps
164:6  Warning: React Hook useEffect has a missing dependency: 'setForm'. Either include it or remove the dependency 
array.  react-hooks/exhaustive-deps
168:6  Warning: React Hook useMemo has unnecessary dependencies: 'form' and 'ticket'. Either exclude them or remove 
the dependency array.  react-hooks/exhaustive-deps
207:6  Warning: React Hook useMemo has a missing dependency: 'ticket'. Either include it or remove the dependency 
array.  react-hooks/exhaustive-deps
217:6  Warning: React Hook useMemo has an unnecessary dependency: 'onSelectSeat'. Either exclude it or remove the 
dependency array.  react-hooks/exhaustive-deps

./src/components/EventCreator/Modal/ModalEditTicket.tsx
111:6  Warning: React Hook useEffect has missing dependencies: 'defaultForm', 'setForm', and 'ticket'. Either include 
them or remove the dependency array.  react-hooks/exhaustive-deps
119:6  Warning: React Hook useEffect has a missing dependency: 'setForm'. Either include it or remove the dependency 
array.  react-hooks/exhaustive-deps
212:6  Warning: React Hook useEffect has a missing dependency: 'setForm'. Either include it or remove the dependency 
array.  react-hooks/exhaustive-deps

./src/components/FooterComponent/PaymentMethode.tsx
221:27  Warning: Using `<img>` could result in slower LCP and higher bandwidth. Consider using `<Image />` from 
`next/image` to automatically optimize images. This may incur additional usage or cost from your provider. See: 
https://nextjs.org/docs/messages/no-img-element  @next/next/no-img-element
241:27  Warning: Using `<img>` could result in slower LCP and higher bandwidth. Consider using `<Image />` from 
`next/image` to automatically optimize images. This may incur additional usage or cost from your provider. See: 
https://nextjs.org/docs/messages/no-img-element  @next/next/no-img-element
265:27  Warning: Using `<img>` could result in slower LCP and higher bandwidth. Consider using `<Image />` from 
`next/image` to automatically optimize images. This may incur additional usage or cost from your provider. See: 
https://nextjs.org/docs/messages/no-img-element  @next/next/no-img-element
284:27  Warning: Using `<img>` could result in slower LCP and higher bandwidth. Consider using `<Image />` from 
`next/image` to automatically optimize images. This may incur additional usage or cost from your provider. See: 
https://nextjs.org/docs/messages/no-img-element  @next/next/no-img-element
304:27  Warning: Using `<img>` could result in slower LCP and higher bandwidth. Consider using `<Image />` from 
`next/image` to automatically optimize images. This may incur additional usage or cost from your provider. See: 
https://nextjs.org/docs/messages/no-img-element  @next/next/no-img-element
326:27  Warning: Using `<img>` could result in slower LCP and higher bandwidth. Consider using `<Image />` from 
`next/image` to automatically optimize images. This may incur additional usage or cost from your provider. See: 
https://nextjs.org/docs/messages/no-img-element  @next/next/no-img-element
348:27  Warning: Using `<img>` could result in slower LCP and higher bandwidth. Consider using `<Image />` from 
`next/image` to automatically optimize images. This may incur additional usage or cost from your provider. See: 
https://nextjs.org/docs/messages/no-img-element  @next/next/no-img-element
462:23  Warning: Using `<img>` could result in slower LCP and higher bandwidth. Consider using `<Image />` from 
`next/image` to automatically optimize images. This may incur additional usage or cost from your provider. See: 
https://nextjs.org/docs/messages/no-img-element  @next/next/no-img-element

./src/components/ImageInput.tsx/index.tsx
53:33  Warning: Image elements must have an alt prop, either with meaningful text, or an empty string for decorative 
images.  jsx-a11y/alt-text

./src/components/Modals/ModalBankForm.tsx
57:6  Warning: React Hook useEffect has a missing dependency: 'form'. Either include it or remove the dependency 
array. You can also do a functional update 'setForm(f => ...)' if you only need 'form' in the 'setForm' call.  
react-hooks/exhaustive-deps

./src/components/Modals/ModalOfflineSales.tsx
217:6  Warning: React Hook useEffect has missing dependencies: 'setValues' and 'splittedTicket'. Either include them 
or remove the dependency array.  react-hooks/exhaustive-deps
276:89  Warning: React Hook useMemo has a missing dependency: 'paymentList'. Either include it or remove the 
dependency array.  react-hooks/exhaustive-deps
538:120  Warning: Image elements must have an alt prop, either with meaningful text, or an empty string for decorative 
images.  jsx-a11y/alt-text
713:136  Warning: Image elements must have an alt prop, either with meaningful text, or an empty string for decorative 
images.  jsx-a11y/alt-text

./src/components/MyEvent/WithdrawHistoryList.tsx
181:67  Warning: The ref value 'sampleCardRef.current' will likely have changed by the time this effect cleanup 
function runs. If this ref points to a node rendered by React, copy 'sampleCardRef.current' to a variable inside the 
effect, and use that variable in the cleanup function.  react-hooks/exhaustive-deps

./src/components/OrderCounter/index.tsx
77:6  Warning: React Hook useEffect has a missing dependency: 'interval'. Either include it or remove the dependency 
array.  react-hooks/exhaustive-deps
79:49  Warning: React Hook useMemo has an unnecessary dependency: 'timeoutHash'. Either exclude it or remove the 
dependency array.  react-hooks/exhaustive-deps
513:6  Warning: React Hook useEffect has missing dependencies: 'seatmapData' and 'ticketData?.available_seat_number'. 
Either include them or remove the dependency array.  react-hooks/exhaustive-deps
624:6  Warning: React Hook useEffect has a missing dependency: 'handleMouse.up'. Either include it or remove the 
dependency array.  react-hooks/exhaustive-deps
706:6  Warning: React Hook useMemo has missing dependencies: 'availableSeat' and 'data'. Either include them or remove 
the dependency array.  react-hooks/exhaustive-deps

./src/components/Payment/FirstStep.tsx
3543:8  Warning: React Hook useEffect has missing dependencies: 'form' and 'setForm'. Either include them or remove 
the dependency array. If 'setForm' changes too often, find the parent component that defines it and wrap that 
definition in useCallback.  react-hooks/exhaustive-deps
3554:8  Warning: React Hook useEffect has a missing dependency: 'fetchMerchProductsFromEvent'. Either include it or 
remove the dependency array.  react-hooks/exhaustive-deps
3583:8  Warning: React Hook useEffect has a missing dependency: 'handleInput'. Either include it or remove the 
dependency array.  react-hooks/exhaustive-deps
3938:8  Warning: React Hook useMemo has a missing dependency: 'getBundlingInfo'. Either include it or remove the 
dependency array.  react-hooks/exhaustive-deps
3958:8  Warning: React Hook useMemo has a missing dependency: 'getBundlingInfo'. Either include it or remove the 
dependency array.  react-hooks/exhaustive-deps
3978:8  Warning: React Hook useMemo has a missing dependency: 'getBundlingInfo'. Either include it or remove the 
dependency array.  react-hooks/exhaustive-deps
4037:8  Warning: React Hook useEffect has a missing dependency: 'handleInsuranceChange'. Either include it or remove 
the dependency array.  react-hooks/exhaustive-deps

./src/components/QrScanner/index.tsx
104:27  Warning: React Hook useCallback received a function whose dependencies are unknown. Pass an inline function 
instead.  react-hooks/exhaustive-deps
157:29  Warning: React Hook useCallback received a function whose dependencies are unknown. Pass an inline function 
instead.  react-hooks/exhaustive-deps

./src/components/QrScannerMerch/index.tsx
29:27  Warning: React Hook useCallback received a function whose dependencies are unknown. Pass an inline function 
instead.  react-hooks/exhaustive-deps

./src/components/QrScannerTracking/index.tsx
224:27  Warning: React Hook useCallback received a function whose dependencies are unknown. Pass an inline function 
instead.  react-hooks/exhaustive-deps

./src/components/SidebarComponent/index.tsx
2050:6  Warning: React Hook useEffect has a missing dependency: 'route'. Either include it or remove the dependency 
array.  react-hooks/exhaustive-deps

./src/components/TableData/index.tsx
94:50  Warning: React Hook useMemo has a missing dependency: 'mapData'. Either include it or remove the dependency 
array.  react-hooks/exhaustive-deps
102:5  Warning: React Hook useMemo has a missing dependency: 'headerLabel'. Either include it or remove the dependency 
array.  react-hooks/exhaustive-deps
112:6  Warning: React Hook useEffect has missing dependencies: 'setSettings', 'settings', and 'storageKey'. Either 
include them or remove the dependency array.  react-hooks/exhaustive-deps
117:6  Warning: React Hook useEffect has a missing dependency: 'storageKey'. Either include it or remove the 
dependency array.  react-hooks/exhaustive-deps
127:6  Warning: React Hook useEffect has missing dependencies: '_data', 'data.length', and 'onSelected'. Either 
include them or remove the dependency array. If 'onSelected' changes too often, find the parent component that defines 
it and wrap that definition in useCallback.  react-hooks/exhaustive-deps
131:6  Warning: React Hook useEffect has missing dependencies: 'debounceUpdateServerSide', 'updateNonServerside', and 
'value'. Either include them or remove the dependency array.  react-hooks/exhaustive-deps
135:6  Warning: React Hook useEffect has missing dependencies: 'updateNonServerside', 'updateServerSide', and 'value'. 
Either include them or remove the dependency array.  react-hooks/exhaustive-deps
135:7  Warning: React Hook useEffect has a complex expression in the dependency array. Extract it to a separate 
variable so it can be statically checked.  react-hooks/exhaustive-deps
139:6  Warning: React Hook useEffect has missing dependencies: 'updateNonServerside', 'updateServerSide', and 'value'. 
Either include them or remove the dependency array.  react-hooks/exhaustive-deps
197:5  Warning: React Hook useCallback has missing dependencies: 'perPage' and 'value'. Either include them or remove 
the dependency array.  react-hooks/exhaustive-deps

./src/components/Transaction/ModalTransactionMerchDetail.tsx
19:8  Warning: React Hook useEffect has a missing dependency: 'getProvinceCity'. Either include it or remove the 
dependency array.  react-hooks/exhaustive-deps
146:49  Warning: Image elements must have an alt prop, either with meaningful text, or an empty string for decorative 
images.  jsx-a11y/alt-text

./src/pages/blog/index.tsx
13:17  Warning: Image elements must have an alt prop, either with meaningful text, or an empty string for decorative 
images.  jsx-a11y/alt-text

./src/pages/create-event/index.tsx
142:6  Warning: React Hook useEffect has missing dependencies: 'getEventData' and 'getTagSuggestion'. Either include 
them or remove the dependency array.  react-hooks/exhaustive-deps
146:6  Warning: React Hook useEffect has a missing dependency: 'getEventData'. Either include it or remove the 
dependency array.  react-hooks/exhaustive-deps
153:6  Warning: React Hook useEffect has a missing dependency: 'onAddTicket'. Either include it or remove the 
dependency array.  react-hooks/exhaustive-deps

./src/pages/creator/index.tsx
129:6  Warning: React Hook useEffect has a missing dependency: 'setErrors'. Either include it or remove the dependency 
array.  react-hooks/exhaustive-deps

./src/pages/creator/[slug].tsx
115:6  Warning: React Hook useEffect has a missing dependency: 'getData'. Either include it or remove the dependency 
array.  react-hooks/exhaustive-deps
129:9  Warning: Using `<img>` could result in slower LCP and higher bandwidth. Consider using `<Image />` from 
`next/image` to automatically optimize images. This may incur additional usage or cost from your provider. See: 
https://nextjs.org/docs/messages/no-img-element  @next/next/no-img-element

./src/pages/dashboard/admin/creator/index.tsx
679:6  Warning: React Hook useEffect has a missing dependency: 'getData'. Either include it or remove the dependency 
array.  react-hooks/exhaustive-deps
945:17  Warning: Image elements must have an alt prop, either with meaningful text, or an empty string for decorative 
images.  jsx-a11y/alt-text

./src/pages/dashboard/admin/event/index.tsx
18:6  Warning: React Hook useEffect has a missing dependency: 'getData'. Either include it or remove the dependency 
array.  react-hooks/exhaustive-deps
55:20  Warning: Image elements must have an alt prop, either with meaningful text, or an empty string for decorative 
images.  jsx-a11y/alt-text

./src/pages/dashboard/admin/merchandise/index.tsx
913:9  Warning: The 'tabStatus' array makes the dependencies of useMemo Hook (at line 1241) change on every render. To 
fix this, wrap the initialization of 'tabStatus' in its own useMemo() Hook.  react-hooks/exhaustive-deps

./src/pages/dashboard/admin/permission/index.tsx
108:6  Warning: React Hook useEffect has missing dependencies: 'getData', 'getModules', and 'getRoles'. Either include 
them or remove the dependency array.  react-hooks/exhaustive-deps

./src/pages/dashboard/admin/role/index.tsx
62:6  Warning: React Hook useEffect has a missing dependency: 'getData'. Either include it or remove the dependency 
array.  react-hooks/exhaustive-deps

./src/pages/dashboard/admin/trackcheck/index.tsx
128:8  Warning: React Hook useCallback has a missing dependency: 'loadMoreTransactions'. Either include it or remove 
the dependency array.  react-hooks/exhaustive-deps
148:8  Warning: React Hook useEffect has a missing dependency: 'getCreators'. Either include it or remove the 
dependency array.  react-hooks/exhaustive-deps

./src/pages/dashboard/admin/user/index.tsx
710:6  Warning: React Hook useEffect has a missing dependency: 'getData'. Either include it or remove the dependency 
array.  react-hooks/exhaustive-deps

./src/pages/dashboard/bank/index.tsx
63:6  Warning: React Hook useEffect has a missing dependency: 'getData'. Either include it or remove the dependency 
array.  react-hooks/exhaustive-deps

./src/pages/dashboard/chat/index.tsx
121:6  Warning: React Hook useEffect has missing dependencies: 'getData' and 'messages'. Either include them or remove 
the dependency array. You can also do a functional update 'setMessages(m => ...)' if you only need 'messages' in the 
'setMessages' call.  react-hooks/exhaustive-deps
195:6  Warning: React Hook useEffect has a missing dependency: 'chat'. Either include it or remove the dependency 
array. You can also replace multiple useState variables with useReducer if 'setSearchedChats' needs the current value 
of 'chat'.  react-hooks/exhaustive-deps

./src/pages/dashboard/chat-creator/index.tsx
120:6  Warning: React Hook useEffect has missing dependencies: 'getData' and 'messages'. Either include them or remove 
the dependency array. You can also do a functional update 'setMessages(m => ...)' if you only need 'messages' in the 
'setMessages' call.  react-hooks/exhaustive-deps
197:6  Warning: React Hook useEffect has a missing dependency: 'chat'. Either include it or remove the dependency 
array. You can also replace multiple useState variables with useReducer if 'setSearchedChats' needs the current value 
of 'chat'.  react-hooks/exhaustive-deps

./src/pages/dashboard/legal/index.tsx
54:6  Warning: React Hook useEffect has a missing dependency: 'form'. Either include it or remove the dependency 
array. You can also do a functional update 'setForm(f => ...)' if you only need 'form' in the 'setForm' call.  
react-hooks/exhaustive-deps

./src/pages/dashboard/merch/index.tsx
1134:6  Warning: React Hook useMemo has a missing dependency: 'itemSearchText'. Either include it or remove the 
dependency array.  react-hooks/exhaustive-deps

./src/pages/dashboard/merch/[slug].tsx
779:8  Warning: React Hook useEffect has a missing dependency: 'getData'. Either include it or remove the dependency 
array.  react-hooks/exhaustive-deps

./src/pages/dashboard/merch-pickup/index.tsx
1210:6  Warning: React Hook useEffect has a missing dependency: 'getData'. Either include it or remove the dependency 
array.  react-hooks/exhaustive-deps

./src/pages/dashboard/merch-pos/index.tsx
818:6  Warning: React Hook useEffect has missing dependencies: 'getMerchList', 'getPaymentMethods', 'getTransactions', 
and 'productPage'. Either include them or remove the dependency array.  react-hooks/exhaustive-deps
826:6  Warning: React Hook useEffect has a missing dependency: 'getMerchList'. Either include it or remove the 
dependency array.  react-hooks/exhaustive-deps
1819:29  Warning: Image elements must have an alt prop, either with meaningful text, or an empty string for decorative 
images.  jsx-a11y/alt-text
2074:33  Warning: Image elements must have an alt prop, either with meaningful text, or an empty string for decorative 
images.  jsx-a11y/alt-text

./src/pages/dashboard/my-event/checkin/index.tsx
278:8  Warning: React Hook useEffect has a missing dependency: 'startScanner'. Either include it or remove the 
dependency array.  react-hooks/exhaustive-deps

./src/pages/dashboard/my-event/checkin/[slug].tsx
107:6  Warning: React Hook useEffect has missing dependencies: 'fetchCheckinStatistics' and 'getData'. Either include 
them or remove the dependency array.  react-hooks/exhaustive-deps
113:6  Warning: React Hook useEffect has a missing dependency: 'fetchTransactions'. Either include it or remove the 
dependency array.  react-hooks/exhaustive-deps

./src/pages/dashboard/my-event/checkin-invitation/[slug].tsx
31:8  Warning: React Hook useEffect has a missing dependency: 'handleButtonClick'. Either include it or remove the 
dependency array.  react-hooks/exhaustive-deps

./src/pages/dashboard/my-event/crew.tsx
106:6  Warning: React Hook useEffect has missing dependencies: 'getData' and 'getEvents'. Either include them or 
remove the dependency array.  react-hooks/exhaustive-deps

./src/pages/dashboard/my-event/report.tsx
1355:6  Warning: React Hook useEffect has a missing dependency: 'getEventData'. Either include it or remove the 
dependency array.  react-hooks/exhaustive-deps

./src/pages/dashboard/my-event/sell/[slug].tsx
94:6  Warning: React Hook useEffect has missing dependencies: 'data.length' and 'updateDataBasedOnCounts'. Either 
include them or remove the dependency array.  react-hooks/exhaustive-deps
163:6  Warning: React Hook useEffect has a missing dependency: 'getData'. Either include it or remove the dependency 
array.  react-hooks/exhaustive-deps
179:6  Warning: React Hook useEffect has a missing dependency: 'getTransactionByEvent'. Either include it or remove 
the dependency array.  react-hooks/exhaustive-deps
200:6  Warning: React Hook useEffect has a missing dependency: 'list'. Either include it or remove the dependency 
array.  react-hooks/exhaustive-deps
287:4  Warning: React Hook useEffect has missing dependencies: 'getData' and 'getTransactionByEvent'. Either include 
them or remove the dependency array.  react-hooks/exhaustive-deps
300:4  Warning: React Hook useEffect has missing dependencies: 'getTransactionByEvent' and 'list'. Either include them 
or remove the dependency array.  react-hooks/exhaustive-deps

./src/pages/dashboard/my-event/ticket-ots.tsx
295:6  Warning: React Hook useEffect has a missing dependency: 'refreshTransactionData'. Either include it or remove 
the dependency array.  react-hooks/exhaustive-deps
590:6  Warning: React Hook useEffect has a missing dependency: 'updateDataBasedOnCounts'. Either include it or remove 
the dependency array.  react-hooks/exhaustive-deps
594:6  Warning: React Hook useEffect has a missing dependency: 'getAllEvents'. Either include it or remove the 
dependency array.  react-hooks/exhaustive-deps

./src/pages/dashboard/my-event/voucher.tsx
125:6  Warning: React Hook useEffect has missing dependencies: 'fetchEvents' and 'fetchVouchers'. Either include them 
or remove the dependency array.  react-hooks/exhaustive-deps
287:6  Warning: React Hook useEffect has a missing dependency: 'fetchVouchers'. Either include it or remove the 
dependency array.  react-hooks/exhaustive-deps

./src/pages/dashboard/my-event/[slug].tsx
312:6  Warning: React Hook useEffect has missing dependencies: 'fetchTransactions' and 'filterValue'. Either include 
them or remove the dependency array.  react-hooks/exhaustive-deps
554:6  Warning: React Hook useEffect has a missing dependency: 'getWithdrawHistory'. Either include it or remove the 
dependency array.  react-hooks/exhaustive-deps
703:6  Warning: React Hook useEffect has a missing dependency: 'getData'. Either include it or remove the dependency 
array.  react-hooks/exhaustive-deps
709:6  Warning: React Hook useEffect has a missing dependency: 'getWithdrawHistory'. Either include it or remove the 
dependency array.  react-hooks/exhaustive-deps
827:6  Warning: React Hook useEffect has a missing dependency: 'getEventData'. Either include it or remove the 
dependency array.  react-hooks/exhaustive-deps

./src/pages/dashboard/profile/address.tsx
86:8  Warning: React Hook useEffect has a missing dependency: 'getData'. Either include it or remove the dependency 
array.  react-hooks/exhaustive-deps
93:8  Warning: React Hook useEffect has missing dependencies: 'addressList' and 'form'. Either include them or remove 
the dependency array.  react-hooks/exhaustive-deps
140:8  Warning: React Hook useEffect has a missing dependency: 'getCity'. Either include it or remove the dependency 
array.  react-hooks/exhaustive-deps
144:8  Warning: React Hook useEffect has a missing dependency: 'getProvinceCityName'. Either include it or remove the 
dependency array.  react-hooks/exhaustive-deps

./src/pages/dashboard/profile/index.tsx
85:8  Warning: React Hook useEffect has a missing dependency: 'form'. Either include it or remove the dependency 
array. You can also do a functional update 'setForm(f => ...)' if you only need 'form' in the 'setForm' call.  
react-hooks/exhaustive-deps

./src/pages/dashboard/sample-table/index.tsx
14:8  Warning: React Hook useEffect has missing dependencies: 'dataList' and 'getData'. Either include them or remove 
the dependency array.  react-hooks/exhaustive-deps

./src/pages/dashboard/tabel/index.tsx
181:6  Warning: React Hook React.useCallback has an unnecessary dependency: 'search'. Either exclude it or remove the 
dependency array.  react-hooks/exhaustive-deps

./src/pages/dashboard/talenta/index.tsx
159:6  Warning: React Hook useEffect has missing dependencies: 'category' and 'getTalentData'. Either include them or 
remove the dependency array.  react-hooks/exhaustive-deps

./src/pages/dashboard/transaction/index.tsx
19:8  Warning: React Hook useEffect has a missing dependency: 'getData'. Either include it or remove the dependency 
array.  react-hooks/exhaustive-deps
76:49  Warning: Image elements must have an alt prop, either with meaningful text, or an empty string for decorative 
images.  jsx-a11y/alt-text
111:45  Warning: Image elements must have an alt prop, either with meaningful text, or an empty string for decorative 
images.  jsx-a11y/alt-text

./src/pages/dashboard/venue/create.tsx
384:8  Warning: React Hook useEffect has a missing dependency: 'getData'. Either include it or remove the dependency 
array.  react-hooks/exhaustive-deps

./src/pages/dashboard/venue/index.tsx
18:6  Warning: React Hook useEffect has a missing dependency: 'getData'. Either include it or remove the dependency 
array.  react-hooks/exhaustive-deps

./src/pages/dashboard/venue/[slug].tsx
87:8  Warning: React Hook useEffect has a missing dependency: 'getData'. Either include it or remove the dependency 
array.  react-hooks/exhaustive-deps
164:25  Warning: Image elements must have an alt prop, either with meaningful text, or an empty string for decorative 
images.  jsx-a11y/alt-text
213:49  Warning: Image elements must have an alt prop, either with meaningful text, or an empty string for decorative 
images.  jsx-a11y/alt-text

./src/pages/dashboard/venue-pos/index.tsx
35:8  Warning: React Hook useEffect has a missing dependency: 'setDummyDate'. Either include it or remove the 
dependency array.  react-hooks/exhaustive-deps
39:8  Warning: React Hook useEffect has a missing dependency: 'getData'. Either include it or remove the dependency 
array.  react-hooks/exhaustive-deps
75:63  Warning: Image elements must have an alt prop, either with meaningful text, or an empty string for decorative 
images.  jsx-a11y/alt-text
171:72  Warning: Image elements must have an alt prop, either with meaningful text, or an empty string for decorative 
images.  jsx-a11y/alt-text

./src/pages/dashboard/venue-transaction/index.tsx
18:8  Warning: React Hook useEffect has a missing dependency: 'getData'. Either include it or remove the dependency 
array.  react-hooks/exhaustive-deps

./src/pages/event/[slug].tsx
3424:28  Error: Parsing error: ')' expected.

./src/pages/failure/index.tsx
73:6  Warning: React Hook useEffect has a missing dependency: 'getData'. Either include it or remove the dependency 
array.  react-hooks/exhaustive-deps

./src/pages/index.tsx
723:6  Warning: React Hook useEffect has missing dependencies: 'getData', 'getSliderData', and 'getUpcomingData'. 
Either include them or remove the dependency array.  react-hooks/exhaustive-deps

./src/pages/login/index.tsx
106:6  Warning: React Hook useEffect has a missing dependency: 'setErrors'. Either include it or remove the dependency 
array.  react-hooks/exhaustive-deps

./src/pages/lowongan/index.tsx
109:23  Warning: Image elements must have an alt prop, either with meaningful text, or an empty string for decorative 
images.  jsx-a11y/alt-text

./src/pages/lowongan/[slug].tsx
44:6  Warning: React Hook useEffect has a missing dependency: 'getData'. Either include it or remove the dependency 
array.  react-hooks/exhaustive-deps

./src/pages/merch-cart/index.tsx
451:8  Warning: React Hook useEffect has missing dependencies: 'getCart' and 'getProduct'. Either include them or 
remove the dependency array.  react-hooks/exhaustive-deps

./src/pages/merch-invoice/[invoice].tsx
2006:6  Warning: React Hook useEffect has a missing dependency: 'getData'. Either include it or remove the dependency 
array.  react-hooks/exhaustive-deps
2012:6  Warning: React Hook useEffect has a missing dependency: 'fetchAllProductsPaginated'. Either include it or 
remove the dependency array.  react-hooks/exhaustive-deps
2016:6  Warning: React Hook useEffect has a missing dependency: 'getProvinceCity'. Either include it or remove the 
dependency array.  react-hooks/exhaustive-deps
2670:37  Warning: Image elements must have an alt prop, either with meaningful text, or an empty string for decorative 
images.  jsx-a11y/alt-text

./src/pages/merch-order/index.tsx
3873:6  Warning: React Hook useEffect has a missing dependency: 'form'. Either include it or remove the dependency 
array.  react-hooks/exhaustive-deps
3911:6  Warning: React Hook useEffect has missing dependencies: 'router' and 'throttledGetData'. Either include them 
or remove the dependency array.  react-hooks/exhaustive-deps
3923:6  Warning: React Hook useEffect has a missing dependency: 'debouncedCheckOngkir'. Either include it or remove 
the dependency array.  react-hooks/exhaustive-deps
5210:6  Warning: React Hook useEffect has a missing dependency: 'form'. Either include it or remove the dependency 
array.  react-hooks/exhaustive-deps
5217:6  Warning: React Hook useEffect has missing dependencies: 'form' and 'getCity'. Either include them or remove 
the dependency array. If 'getCity' changes too often, find the parent component that defines it and wrap that 
definition in useCallback.  react-hooks/exhaustive-deps

./src/pages/merchandise/index.tsx
502:6  Warning: React Hook useEffect has a missing dependency: 'loadInitialData'. Either include it or remove the 
dependency array.  react-hooks/exhaustive-deps
509:6  Warning: React Hook useEffect has a missing dependency: 'resetAndLoad'. Either include it or remove the 
dependency array.  react-hooks/exhaustive-deps
537:6  Warning: React Hook useEffect has a missing dependency: 'loadMoreData'. Either include it or remove the 
dependency array.  react-hooks/exhaustive-deps

./src/pages/merchandise/[slug].tsx
960:6  Warning: React Hook useEffect has a missing dependency: 'getData'. Either include it or remove the dependency 
array.  react-hooks/exhaustive-deps
966:6  Warning: React Hook useEffect has a missing dependency: 'getReviews'. Either include it or remove the 
dependency array.  react-hooks/exhaustive-deps
972:6  Warning: React Hook useEffect has a missing dependency: 'getCreatorVerification'. Either include it or remove 
the dependency array.  react-hooks/exhaustive-deps
977:6  Warning: React Hook useEffect has a missing dependency: 'mainData?.product_varian'. Either include it or remove 
the dependency array.  react-hooks/exhaustive-deps

./src/pages/page-creator.tsx
38:21  Warning: Image elements must have an alt prop, either with meaningful text, or an empty string for decorative 
images.  jsx-a11y/alt-text
84:33  Warning: Image elements must have an alt prop, either with meaningful text, or an empty string for decorative 
images.  jsx-a11y/alt-text

./src/pages/payment/[id].tsx
23:6  Warning: React Hook useEffect has a missing dependency: 'router'. Either include it or remove the dependency 
array.  react-hooks/exhaustive-deps
130:6  Warning: React Hook useEffect has a missing dependency: 'getPayment'. Either include it or remove the 
dependency array.  react-hooks/exhaustive-deps

./src/pages/privacy/index.tsx
8:9  Warning: The 'sections' array makes the dependencies of useEffect Hook (at line 270) change on every render. To 
fix this, wrap the initialization of 'sections' in its own useMemo() Hook.  react-hooks/exhaustive-deps

./src/pages/sample/1/about.tsx
18:29  Warning: Image elements must have an alt prop, either with meaningful text, or an empty string for decorative 
images.  jsx-a11y/alt-text

./src/pages/sample/1/index.tsx
46:33  Warning: Image elements must have an alt prop, either with meaningful text, or an empty string for decorative 
images.  jsx-a11y/alt-text
54:33  Warning: Image elements must have an alt prop, either with meaningful text, or an empty string for decorative 
images.  jsx-a11y/alt-text
89:29  Warning: Image elements must have an alt prop, either with meaningful text, or an empty string for decorative 
images.  jsx-a11y/alt-text
106:45  Warning: Image elements must have an alt prop, either with meaningful text, or an empty string for decorative 
images.  jsx-a11y/alt-text

./src/pages/sample/1/layout.tsx
35:25  Warning: Image elements must have an alt prop, either with meaningful text, or an empty string for decorative 
images.  jsx-a11y/alt-text
49:17  Warning: Custom fonts not added in `pages/_document.js` will only load for a single page. This is discouraged. 
See: https://nextjs.org/docs/messages/no-page-custom-font  @next/next/no-page-custom-font
71:13  Warning: Image elements must have an alt prop, either with meaningful text, or an empty string for decorative 
images.  jsx-a11y/alt-text

./src/pages/sample/1/merchandise.tsx
31:37  Warning: Image elements must have an alt prop, either with meaningful text, or an empty string for decorative 
images.  jsx-a11y/alt-text
34:37  Warning: Image elements must have an alt prop, either with meaningful text, or an empty string for decorative 
images.  jsx-a11y/alt-text
41:37  Warning: Image elements must have an alt prop, either with meaningful text, or an empty string for decorative 
images.  jsx-a11y/alt-text
44:37  Warning: Image elements must have an alt prop, either with meaningful text, or an empty string for decorative 
images.  jsx-a11y/alt-text

./src/pages/success/[invoice].tsx
47:6  Warning: React Hook useEffect has a missing dependency: 'getData'. Either include it or remove the dependency 
array.  react-hooks/exhaustive-deps

./src/pages/talent/index.tsx
50:6  Warning: React Hook useEffect has a missing dependency: 'getData'. Either include it or remove the dependency 
array.  react-hooks/exhaustive-deps
55:6  Warning: React Hook useEffect has a missing dependency: 'data'. Either include it or remove the dependency 
array.  react-hooks/exhaustive-deps

./src/pages/talent/[id].tsx
212:6  Warning: React Hook useEffect has a missing dependency: 'getData'. Either include it or remove the dependency 
array.  react-hooks/exhaustive-deps

./src/pages/terms/index.tsx
8:9  Warning: The 'sections' array makes the dependencies of useEffect Hook (at line 256) change on every render. To 
fix this, wrap the initialization of 'sections' in its own useMemo() Hook.  react-hooks/exhaustive-deps

./src/pages/terms/refund.tsx
8:9  Warning: The 'sections' array makes the dependencies of useEffect Hook (at line 99) change on every render. To 
fix this, wrap the initialization of 'sections' in its own useMemo() Hook.  react-hooks/exhaustive-deps

./src/pages/terms/return-policy.tsx
8:9  Warning: The 'sections' array makes the dependencies of useEffect Hook (at line 200) change on every render. To 
fix this, wrap the initialization of 'sections' in its own useMemo() Hook.  react-hooks/exhaustive-deps

./src/pages/tracking/index.tsx
944:6  Warning: React Hook useEffect has a missing dependency: 'getProvinceCity'. Either include it or remove the 
dependency array.  react-hooks/exhaustive-deps
1083:6  Warning: React Hook useCallback has a missing dependency: 'processTrackingCode'. Either include it or remove 
the dependency array.  react-hooks/exhaustive-deps
1286:21  Warning: Image elements must have an alt prop, either with meaningful text, or an empty string for decorative 
images.  jsx-a11y/alt-text

./src/pages/venue/[slug]/index.tsx
194:8  Warning: React Hook useEffect has a missing dependency: 'sectionRefs'. Either include it or remove the 
dependency array.  react-hooks/exhaustive-deps
221:8  Warning: React Hook useEffect has missing dependencies: 'sectionRefs.booking', 'sectionRefs.faq', 
'sectionRefs.info', 'sectionRefs.lokasi', and 'sectionRefs.ulasan'. Either include them or remove the dependency 
array.  react-hooks/exhaustive-deps
253:8  Warning: React Hook useMemo has missing dependencies: 'currentYear' and 'data?.has_booked_venue'. Either 
include them or remove the dependency array.  react-hooks/exhaustive-deps
262:8  Warning: React Hook useEffect has a missing dependency: 'getData'. Either include it or remove the dependency 
array.  react-hooks/exhaustive-deps
508:53  Warning: Using `<img>` could result in slower LCP and higher bandwidth. Consider using `<Image />` from 
`next/image` to automatically optimize images. This may incur additional usage or cost from your provider. See: 
https://nextjs.org/docs/messages/no-img-element  @next/next/no-img-element
928:25  Warning: Using `<img>` could result in slower LCP and higher bandwidth. Consider using `<Image />` from 
`next/image` to automatically optimize images. This may incur additional usage or cost from your provider. See: 
https://nextjs.org/docs/messages/no-img-element  @next/next/no-img-element
958:33  Warning: Using `<img>` could result in slower LCP and higher bandwidth. Consider using `<Image />` from 
`next/image` to automatically optimize images. This may incur additional usage or cost from your provider. See: 
https://nextjs.org/docs/messages/no-img-element  @next/next/no-img-element

./src/pages/venue/[slug]/pilih-jadwal.tsx
461:70  Warning: React Hook useMemo has a missing dependency: 'selectedDate'. Either include it or remove the 
dependency array.  react-hooks/exhaustive-deps
461:71  Warning: React Hook useMemo has a complex expression in the dependency array. Extract it to a separate 
variable so it can be statically checked.  react-hooks/exhaustive-deps
654:8  Warning: React Hook useMemo has missing dependencies: 'currentYear' and 'data?.has_booked_venue'. Either 
include them or remove the dependency array.  react-hooks/exhaustive-deps
663:8  Warning: React Hook useEffect has a missing dependency: 'getData'. Either include it or remove the dependency 
array.  react-hooks/exhaustive-deps
1347:25  Warning: Using `<img>` could result in slower LCP and higher bandwidth. Consider using `<Image />` from 
`next/image` to automatically optimize images. This may incur additional usage or cost from your provider. See: 
https://nextjs.org/docs/messages/no-img-element  @next/next/no-img-element
1377:33  Warning: Using `<img>` could result in slower LCP and higher bandwidth. Consider using `<Image />` from 
`next/image` to automatically optimize images. This may incur additional usage or cost from your provider. See: 
https://nextjs.org/docs/messages/no-img-element  @next/next/no-img-element

./src/pages/venue/[slug].tsx
205:8  Warning: React Hook useEffect has a missing dependency: 'sectionRefs'. Either include it or remove the 
dependency array.  react-hooks/exhaustive-deps
243:8  Warning: React Hook useEffect has missing dependencies: 'sectionRefs.faq', 'sectionRefs.info', 
'sectionRefs.lapangan', and 'sectionRefs.ulasan'. Either include them or remove the dependency array.  
react-hooks/exhaustive-deps
275:8  Warning: React Hook useMemo has missing dependencies: 'currentYear' and 'data?.has_booked_venue'. Either 
include them or remove the dependency array.  react-hooks/exhaustive-deps
284:8  Warning: React Hook useEffect has a missing dependency: 'getData'. Either include it or remove the dependency 
array.  react-hooks/exhaustive-deps
574:53  Warning: Using `<img>` could result in slower LCP and higher bandwidth. Consider using `<Image />` from 
`next/image` to automatically optimize images. This may incur additional usage or cost from your provider. See: 
https://nextjs.org/docs/messages/no-img-element  @next/next/no-img-element
1023:25  Warning: Using `<img>` could result in slower LCP and higher bandwidth. Consider using `<Image />` from 
`next/image` to automatically optimize images. This may incur additional usage or cost from your provider. See: 
https://nextjs.org/docs/messages/no-img-element  @next/next/no-img-element
1053:33  Warning: Using `<img>` could result in slower LCP and higher bandwidth. Consider using `<Image />` from 
`next/image` to automatically optimize images. This may incur additional usage or cost from your provider. See: 
https://nextjs.org/docs/messages/no-img-element  @next/next/no-img-element

./src/pages/venue-invoice/[invoice].tsx
30:8  Warning: React Hook useEffect has a missing dependency: 'getData'. Either include it or remove the dependency 
array.  react-hooks/exhaustive-deps
108:71  Warning: Image elements must have an alt prop, either with meaningful text, or an empty string for decorative 
images.  jsx-a11y/alt-text

./src/pages/venue-order/index.tsx
234:37  Warning: Using `<img>` could result in slower LCP and higher bandwidth. Consider using `<Image />` from 
`next/image` to automatically optimize images. This may incur additional usage or cost from your provider. See: 
https://nextjs.org/docs/messages/no-img-element  @next/next/no-img-element
236:37  Warning: Using `<img>` could result in slower LCP and higher bandwidth. Consider using `<Image />` from 
`next/image` to automatically optimize images. This may incur additional usage or cost from your provider. See: 
https://nextjs.org/docs/messages/no-img-element  @next/next/no-img-element

./src/pages/wristband.tsx
114:11  Warning: The 'sections' array makes the dependencies of useEffect Hook (at line 349) change on every render. 
To fix this, wrap the initialization of 'sections' in its own useMemo() Hook.  react-hooks/exhaustive-deps
141:33  Warning: Using `<img>` could result in slower LCP and higher bandwidth. Consider using `<Image />` from 
`next/image` to automatically optimize images. This may incur additional usage or cost from your provider. See: 
https://nextjs.org/docs/messages/no-img-element  @next/next/no-img-element
175:33  Warning: Using `<img>` could result in slower LCP and higher bandwidth. Consider using `<Image />` from 
`next/image` to automatically optimize images. This may incur additional usage or cost from your provider. See: 
https://nextjs.org/docs/messages/no-img-element  @next/next/no-img-element

./src/pages/_document.tsx
9:9  Warning: Prefer `next/script` component when using the inline script for Google Analytics. See: 
https://nextjs.org/docs/messages/next-script-for-ga  @next/next/next-script-for-ga

./src/pages/_error.tsx
302:6  Warning: React Hook useCallback has a missing dependency: 'getRandomPiece'. Either include it or remove the 
dependency array.  react-hooks/exhaustive-deps

info  - Need to disable some ESLint rules? Learn more here: 
https://nextjs.org/docs/basic-features/eslint#disabling-rules
